* installing *source* package ‘RMeDPower2’ ...
** this is package ‘RMeDPower2’ version ‘0.1.0’
** using staged installation
** R
** data
*** moving datasets to lazyload DB
** inst
** byte-compile and prepare package for lazy loading
Warning: replacing previous import ‘lme4::getData’ by ‘simr::getData’ when loading ‘RMeDPower2’
** help
*** installing help indices
*** copying figures
** building package indices
** installing vignettes
** testing if installed package can be loaded from temporary location
Warning: replacing previous import ‘lme4::getData’ by ‘simr::getData’ when loading ‘RMeDPower2’
** testing if installed package can be loaded from final location
Warning: replacing previous import ‘lme4::getData’ by ‘simr::getData’ when loading ‘RMeDPower2’
** testing if installed package keeps a record of temporary installation path
* DONE (RMeDPower2)
